[backblue.gif]
[fade.gif]
[index.html]
[www.ani-html.strapui.com/images/flat-avatar.png]
[www.ani-html.strapui.com/vendor/ckeditor/ckeditor.js]
[www.ani-html.strapui.com/js/vendor.js]
[www.ani-html.strapui.com/home.html]
[www.ani-html.strapui.com/fonts/fontawesome-webfont93e393e3.eot]
[www.ani-html.strapui.com/fonts/fontawesome-webfontd41dd41d.eot]
[www.ani-html.strapui.com/fonts/fontawesome-webfont93e393e3.woff2]
[www.ani-html.strapui.com/fonts/fontawesome-webfont93e393e3.woff]
[www.ani-html.strapui.com/fonts/fontawesome-webfont93e393e3.ttf]
[www.ani-html.strapui.com/fonts/icomoon/icomoon.eot]
[www.ani-html.strapui.com/fonts/icomoon/icomoond41dd41d.eot]
[www.ani-html.strapui.com/fonts/icomoon/icomoon.ttf]
[www.ani-html.strapui.com/fonts/icomoon/icomoon.woff]
[www.ani-html.strapui.com/css/vendor.css]
[www.ani-html.strapui.com/fonts/glyphicons-halflings-regular.eot]
[www.ani-html.strapui.com/fonts/glyphicons-halflings-regulard41d.eot]
[www.ani-html.strapui.com/fonts/glyphicons-halflings-regular.woff2]
[www.ani-html.strapui.com/fonts/glyphicons-halflings-regular.woff]
[www.ani-html.strapui.com/fonts/glyphicons-halflings-regular.ttf]
[www.ani-html.strapui.com/fonts/icomoon.eot]
[www.ani-html.strapui.com/fonts/icomoond41d.eot]
[www.ani-html.strapui.com/fonts/icomoon.ttf]
[www.ani-html.strapui.com/fonts/icomoon.woff]
[www.ani-html.strapui.com/css/app-blue.css]
[www.ani-html.strapui.com/images/profile-cover.jpg]
[www.ani-html.strapui.com/images/flat.png]
[www.ani-html.strapui.com/images/colorful4.jpg]
[www.ani-html.strapui.com/profile.html]
[www.ani-html.strapui.com/index.html]
[www.ani-html.strapui.com/typography.html]
[www.ani-html.strapui.com/grid.html]
[www.ani-html.strapui.com/table.html]
[www.ani-html.strapui.com/form-elements.html]
[www.ani-html.strapui.com/form-components.html]
[www.ani-html.strapui.com/button.html]
[www.ani-html.strapui.com/dropdown.html]
[www.ani-html.strapui.com/icons.html]
[www.ani-html.strapui.com/images/dog.jpg]
[www.ani-html.strapui.com/panels.html]
[www.ani-html.strapui.com/alerts.html]
[www.ani-html.strapui.com/progressbars.html]
[www.ani-html.strapui.com/pagination.html]
[www.ani-html.strapui.com/img/img1.jpg]
[www.ani-html.strapui.com/img/img2.jpg]
[www.ani-html.strapui.com/img/img3.jpg]
[www.ani-html.strapui.com/other-elements.html]
[www.ani-html.strapui.com/chartjs.html]
[www.ani-html.strapui.com/c3chart.html]
[www.ani-html.strapui.com/calendar.html]
[www.ani-html.strapui.com/inbox.html]
[www.ani-html.strapui.com/compose.html]
[www.ani-html.strapui.com/invoice.html]
[www.ani-html.strapui.com/docs.html]
[www.ani-html.strapui.com/blank.html]
[www.ani-html.strapui.com/signup.html]
[www.ani-html.strapui.com/404-page.html]
[www.ani-html.strapui.com/fonts/fontawesome-webfont93e393e3.svg]
[www.ani-html.strapui.com/fonts/icomoon/icomoon.svg]
[www.ani-html.strapui.com/css/base.html]
[www.ani-html.strapui.com/css/loading.html]
[www.ani-html.strapui.com/css/fade/fade.html]
[www.ani-html.strapui.com/css/fade/fade-up.html]
[www.ani-html.strapui.com/css/fade/fade-up-sm.html]
[www.ani-html.strapui.com/css/fade/fade-up-lg.html]
[www.ani-html.strapui.com/css/fade/fade-down.html]
[www.ani-html.strapui.com/css/fade/fade-down-sm.html]
[www.ani-html.strapui.com/css/fade/fade-down-lg.html]
[www.ani-html.strapui.com/css/fade/fade-left.html]
[www.ani-html.strapui.com/css/fade/fade-left-sm.html]
[www.ani-html.strapui.com/css/fade/fade-left-lg.html]
[www.ani-html.strapui.com/css/fade/fade-right.html]
[www.ani-html.strapui.com/css/fade/fade-right-sm.html]
[www.ani-html.strapui.com/css/fade/fade-right-lg.html]
[www.ani-html.strapui.com/css/rotate/rotate.html]
[www.ani-html.strapui.com/css/rotate/rotate-sm.html]
[www.ani-html.strapui.com/css/rotate/rotate-lg.html]
[www.ani-html.strapui.com/css/flip/flip-x.html]
[www.ani-html.strapui.com/css/flip/flip-x-nr.html]
[www.ani-html.strapui.com/css/flip/flip-x-fr.html]
[www.ani-html.strapui.com/css/flip/flip-y.html]
[www.ani-html.strapui.com/css/flip/flip-y-nr.html]
[www.ani-html.strapui.com/css/flip/flip-y-fr.html]
[www.ani-html.strapui.com/css/zoom/zoom.html]
[www.ani-html.strapui.com/css/zoom/zoom-sm.html]
[www.ani-html.strapui.com/css/zoom/zoom-lg.html]
[www.ani-html.strapui.com/css/overlay/overlay-slide-top.html]
[www.ani-html.strapui.com/css/overlay/overlay-slide-bottom.html]
[www.ani-html.strapui.com/css/overlay/overlay-slide-left.html]
[www.ani-html.strapui.com/css/overlay/overlay-slide-right.html]
[www.ani-html.strapui.com/fonts/glyphicons-halflings-regular.svg]
[www.ani-html.strapui.com/fonts/icomoon.svg]
